
> backend@1.0.0 build
> tsc

src/config/passport.ts(3,43): error TS7016: Could not find a declaration file for module 'passport-apple'. 'C:/Users/Mahesh Dhuri/projects/MyFirstProjectUsingTraycerAI/backend/node_modules/passport-apple/src/strategy.js' implicitly has an 'any' type.
  Try `npm i --save-dev @types/passport-apple` if it exists or add a new declaration (.d.ts) file containing `declare module 'passport-apple';`
src/config/passport.ts(53,8): error TS7006: Parameter 'accessToken' implicitly has an 'any' type.
src/config/passport.ts(53,21): error TS7006: Parameter 'refreshToken' implicitly has an 'any' type.
src/config/passport.ts(53,35): error TS7006: Parameter 'idToken' implicitly has an 'any' type.
src/config/passport.ts(53,44): error TS7006: Parameter 'profile' implicitly has an 'any' type.
src/config/passport.ts(53,53): error TS7006: Parameter 'done' implicitly has an 'any' type.
src/controllers/address.controller.ts(15,29): error TS2339: Property 'userId' does not exist on type 'User'.
src/controllers/address.controller.ts(35,29): error TS2339: Property 'userId' does not exist on type 'User'.
src/controllers/address.controller.ts(58,29): error TS2339: Property 'userId' does not exist on type 'User'.
src/controllers/address.controller.ts(99,29): error TS2339: Property 'userId' does not exist on type 'User'.
src/controllers/address.controller.ts(139,29): error TS2339: Property 'userId' does not exist on type 'User'.
src/controllers/address.controller.ts(167,29): error TS2339: Property 'userId' does not exist on type 'User'.
src/controllers/auth.controller.ts(147,51): error TS2339: Property 'userId' does not exist on type 'User'.
src/controllers/auth.controller.ts(166,57): error TS2339: Property 'userId' does not exist on type 'User'.
src/controllers/auth.controller.ts(198,47): error TS2339: Property 'userId' does not exist on type 'User'.
src/controllers/auth.controller.ts(217,47): error TS2339: Property 'userId' does not exist on type 'User'.
src/controllers/cart.controller.ts(15,29): error TS2339: Property 'userId' does not exist on type 'User'.
src/controllers/cart.controller.ts(35,29): error TS2339: Property 'userId' does not exist on type 'User'.
src/controllers/cart.controller.ts(67,29): error TS2339: Property 'userId' does not exist on type 'User'.
src/controllers/cart.controller.ts(105,29): error TS2339: Property 'userId' does not exist on type 'User'.
src/controllers/cart.controller.ts(133,29): error TS2339: Property 'userId' does not exist on type 'User'.
src/controllers/notification.controller.ts(6,30): error TS2339: Property 'userId' does not exist on type 'User'.
src/controllers/notification.controller.ts(22,30): error TS2339: Property 'userId' does not exist on type 'User'.
src/controllers/notification.controller.ts(38,30): error TS2339: Property 'userId' does not exist on type 'User'.
src/controllers/notification.controller.ts(48,30): error TS2339: Property 'userId' does not exist on type 'User'.
src/controllers/notification.controller.ts(65,30): error TS2339: Property 'userId' does not exist on type 'User'.
src/controllers/oauth.controller.ts(33,33): error TS2769: No overload matches this call.
  Overload 1 of 5, '(payload: string | object | Buffer<ArrayBufferLike>, secretOrPrivateKey: null, options?: (SignOptions & { algorithm: "none"; }) | undefined): string', gave the following error.
    Argument of type 'string' is not assignable to parameter of type 'null'.
  Overload 2 of 5, '(payload: string | object | Buffer<ArrayBufferLike>, secretOrPrivateKey: Buffer<ArrayBufferLike> | Secret | PrivateKeyInput | JsonWebKeyInput, options?: SignOptions | undefined): string', gave the following error.
    Type 'string' is not assignable to type 'number | StringValue | undefined'.
  Overload 3 of 5, '(payload: string | object | Buffer<ArrayBufferLike>, secretOrPrivateKey: Buffer<ArrayBufferLike> | Secret | PrivateKeyInput | JsonWebKeyInput, callback: SignCallback): void', gave the following error.
    Object literal may only specify known properties, and 'expiresIn' does not exist in type 'SignCallback'.
src/controllers/oauth.controller.ts(39,34): error TS2769: No overload matches this call.
  Overload 1 of 5, '(payload: string | object | Buffer<ArrayBufferLike>, secretOrPrivateKey: null, options?: (SignOptions & { algorithm: "none"; }) | undefined): string', gave the following error.
    Argument of type 'string' is not assignable to parameter of type 'null'.
  Overload 2 of 5, '(payload: string | object | Buffer<ArrayBufferLike>, secretOrPrivateKey: Buffer<ArrayBufferLike> | Secret | PrivateKeyInput | JsonWebKeyInput, options?: SignOptions | undefined): string', gave the following error.
    Type 'string' is not assignable to type 'number | StringValue | undefined'.
  Overload 3 of 5, '(payload: string | object | Buffer<ArrayBufferLike>, secretOrPrivateKey: Buffer<ArrayBufferLike> | Secret | PrivateKeyInput | JsonWebKeyInput, callback: SignCallback): void', gave the following error.
    Object literal may only specify known properties, and 'expiresIn' does not exist in type 'SignCallback'.
src/controllers/oauth.controller.ts(88,33): error TS2769: No overload matches this call.
  Overload 1 of 5, '(payload: string | object | Buffer<ArrayBufferLike>, secretOrPrivateKey: null, options?: (SignOptions & { algorithm: "none"; }) | undefined): string', gave the following error.
    Argument of type 'string' is not assignable to parameter of type 'null'.
  Overload 2 of 5, '(payload: string | object | Buffer<ArrayBufferLike>, secretOrPrivateKey: Buffer<ArrayBufferLike> | Secret | PrivateKeyInput | JsonWebKeyInput, options?: SignOptions | undefined): string', gave the following error.
    Type 'string' is not assignable to type 'number | StringValue | undefined'.
  Overload 3 of 5, '(payload: string | object | Buffer<ArrayBufferLike>, secretOrPrivateKey: Buffer<ArrayBufferLike> | Secret | PrivateKeyInput | JsonWebKeyInput, callback: SignCallback): void', gave the following error.
    Object literal may only specify known properties, and 'expiresIn' does not exist in type 'SignCallback'.
src/controllers/oauth.controller.ts(94,34): error TS2769: No overload matches this call.
  Overload 1 of 5, '(payload: string | object | Buffer<ArrayBufferLike>, secretOrPrivateKey: null, options?: (SignOptions & { algorithm: "none"; }) | undefined): string', gave the following error.
    Argument of type 'string' is not assignable to parameter of type 'null'.
  Overload 2 of 5, '(payload: string | object | Buffer<ArrayBufferLike>, secretOrPrivateKey: Buffer<ArrayBufferLike> | Secret | PrivateKeyInput | JsonWebKeyInput, options?: SignOptions | undefined): string', gave the following error.
    Type 'string' is not assignable to type 'number | StringValue | undefined'.
  Overload 3 of 5, '(payload: string | object | Buffer<ArrayBufferLike>, secretOrPrivateKey: Buffer<ArrayBufferLike> | Secret | PrivateKeyInput | JsonWebKeyInput, callback: SignCallback): void', gave the following error.
    Object literal may only specify known properties, and 'expiresIn' does not exist in type 'SignCallback'.
src/controllers/oauth.controller.ts(127,32): error TS2339: Property 'userId' does not exist on type 'User'.
src/controllers/oauth.controller.ts(181,90): error TS2339: Property 'userId' does not exist on type 'User'.
src/controllers/oauth.controller.ts(196,32): error TS2339: Property 'userId' does not exist on type 'User'.
src/controllers/oauth.controller.ts(212,92): error TS2339: Property 'userId' does not exist on type 'User'.
src/controllers/order.controller.ts(15,29): error TS2339: Property 'userId' does not exist on type 'User'.
src/controllers/order.controller.ts(76,29): error TS2339: Property 'userId' does not exist on type 'User'.
src/controllers/order.controller.ts(132,29): error TS2339: Property 'userId' does not exist on type 'User'.
src/controllers/order.controller.ts(210,29): error TS2339: Property 'userId' does not exist on type 'User'.
src/controllers/payment.controller.ts(15,29): error TS2339: Property 'userId' does not exist on type 'User'.
src/controllers/payment.controller.ts(81,29): error TS2339: Property 'userId' does not exist on type 'User'.
src/controllers/profile.controller.ts(9,30): error TS2339: Property 'userId' does not exist on type 'User'.
src/controllers/profile.controller.ts(30,30): error TS2339: Property 'userId' does not exist on type 'User'.
src/controllers/review.controller.ts(7,30): error TS2339: Property 'userId' does not exist on type 'User'.
src/controllers/review.controller.ts(18,30): error TS2339: Property 'userId' does not exist on type 'User'.
src/controllers/review.controller.ts(34,30): error TS2339: Property 'userId' does not exist on type 'User'.
src/controllers/review.controller.ts(66,30): error TS2339: Property 'userId' does not exist on type 'User'.
src/controllers/wishlist.controller.ts(11,29): error TS2339: Property 'userId' does not exist on type 'User'.
src/controllers/wishlist.controller.ts(27,29): error TS2339: Property 'userId' does not exist on type 'User'.
src/controllers/wishlist.controller.ts(55,29): error TS2339: Property 'userId' does not exist on type 'User'.
src/controllers/wishlist.controller.ts(79,29): error TS2339: Property 'userId' does not exist on type 'User'.
src/controllers/wishlist.controller.ts(101,29): error TS2339: Property 'userId' does not exist on type 'User'.
src/middleware/auth.ts(44,34): error TS2339: Property 'role' does not exist on type 'User'.
src/middleware/cache.ts(23,17): error TS2339: Property 'userId' does not exist on type 'User'.
src/middleware/cache.ts(24,33): error TS2339: Property 'userId' does not exist on type 'User'.
src/middleware/errorHandler.ts(30,23): error TS2339: Property 'userId' does not exist on type 'User'.
src/middleware/logger.ts(36,23): error TS2339: Property 'userId' does not exist on type 'User'.
src/middleware/logger.ts(74,25): error TS2339: Property 'userId' does not exist on type 'User'.
src/routes/product-variant.ts(2,24): error TS2305: Module '"../middleware/auth"' has no exported member 'authorize'.
src/services/cart.service.ts(103,11): error TS2322: Type 'string | null' is not assignable to type 'string'.
  Type 'null' is not assignable to type 'string'.
src/services/coupon.service.ts(173,9): error TS2353: Object literal may only specify known properties, and 'isFreeShipping' does not exist in type 'CouponValidationResult'.
src/services/order.service.ts(76,41): error TS2339: Property 'isFreeShipping' does not exist on type 'CouponValidationResult'.
src/services/order.service.ts(184,9): error TS2322: Type '{ orderId: string; productId: string; productName: string; productImage: string | null; quantity: number; unitPrice: Decimal; totalPrice: Decimal; variantId: string | null; variantSku: string | null; variantName: string | null; variantAttributes: Record<...> | null; }[]' is not assignable to type 'OrderItemCreateManyInput | OrderItemCreateManyInput[]'.
  Type '{ orderId: string; productId: string; productName: string; productImage: string | null; quantity: number; unitPrice: Decimal; totalPrice: Decimal; variantId: string | null; variantSku: string | null; variantName: string | null; variantAttributes: Record<...> | null; }[]' is not assignable to type 'OrderItemCreateManyInput[]'.
    Type '{ orderId: string; productId: string; productName: string; productImage: string | null; quantity: number; unitPrice: Decimal; totalPrice: Decimal; variantId: string | null; variantSku: string | null; variantName: string | null; variantAttributes: Record<...> | null; }' is not assignable to type 'OrderItemCreateManyInput'.
      Types of property 'variantAttributes' are incompatible.
        Type 'Record<string, string> | null' is not assignable to type 'NullableJsonNullValueInput | InputJsonValue | undefined'.
          Type 'null' is not assignable to type 'NullableJsonNullValueInput | InputJsonValue | undefined'.
src/types/index.ts(89,7): error TS2717: Subsequent property declarations must have the same type.  Property 'user' must be of type 'User | undefined', but here has type '{ userId: string; role: UserRole; } | undefined'.
