
> backend@1.0.0 test:unit
> jest --testPathPattern=__tests__/services

npm : PASS __tests__/services/search.service.test.ts (7.462 s)
At line:1 char:75
+ ... MyFirstProjectUsingTraycerAI\backend"; npm run test:unit 2>&1 
| Out-F ...
+                                            ~~~~~~~~~~~~~~~~~~~~~~
    + CategoryInfo          : NotSpecified: (PASS __tests__/...st.ts 
    (7.462 s):String) [], RemoteException
    + FullyQualifiedErrorId : NativeCommandError
 
FAIL __tests__/services/product.service.test.ts (7.867 s)
  ΓùÅ ProductService ΓÇ║ getAllProducts() ΓÇ║ should filter by 
search query in name and description

    TypeError: Cannot read properties of undefined (reading 'map')

    [0m [90m 336 |[39m
     [90m 337 |[39m     [36mconst[39m result [33m=[39m {
    [31m[1m>[22m[39m[90m 338 |[39m       products[33m:[39m 
searchResults[33m.[39mmap((p) [33m=>[39m 
[36mthis[39m[33m.[39mformatProductResponse(p))[33m,[39m
     [90m     |[39m                               
[31m[1m^[22m[39m
     [90m 339 |[39m       total[33m,[39m
     [90m 340 |[39m       page[33m,[39m
     [90m 341 |[39m       pageSize[33m,[39m[0m

      at ProductService.searchProducts 
(src/services/product.service.ts:338:31)
      at Object.<anonymous> 
(__tests__/services/product.service.test.ts:362:7)

  ΓùÅ ProductService ΓÇ║ getFeaturedProducts() ΓÇ║ should retrieve 
featured products only

    expect(received).toEqual(expected) // deep equality

    - Expected  - 16
    + Received  +  2

      Array [
        Object {
          "averageRating": "0",
          "category": Object {
    -       "createdAt": 2025-01-01T00:00:00.000Z,
    -       "description": "Test category description",
            "id": "category-1",
    -       "image": "https://example.com/category.jpg",
    -       "isActive": true,
            "name": "Test Category",
    -       "updatedAt": 2025-01-01T00:00:00.000Z,
          },
    -     "categoryId": "category-1",
          "createdAt": 2025-01-01T00:00:00.000Z,
          "description": "Test product description",
          "discountPrice": null,
          "id": "product-1",
          "images": Array [
            "https://example.com/image1.jpg",
          ],
    -     "isActive": true,
          "isFeatured": true,
    -     "lowStockThreshold": 5,
          "name": "Test Product",
          "price": "99.99",
          "stockQuantity": 100,
          "totalReviews": 0,
          "unit": "KG",
          "updatedAt": 2025-01-01T00:00:00.000Z,
    +     "variants": undefined,
          "weight": 1.5,
        },
        Object {
          "averageRating": "0",
          "category": Object {
    -       "createdAt": 2025-01-01T00:00:00.000Z,
    -       "description": "Test category description",
            "id": "category-1",
    -       "image": "https://example.com/category.jpg",
    -       "isActive": true,
            "name": "Test Category",
    -       "updatedAt": 2025-01-01T00:00:00.000Z,
          },
    -     "categoryId": "category-1",
          "createdAt": 2025-01-01T00:00:00.000Z,
          "description": "Test product description",
          "discountPrice": null,
          "id": "product-2",
          "images": Array [
            "https://example.com/image1.jpg",
          ],
    -     "isActive": true,
          "isFeatured": true,
    -     "lowStockThreshold": 5,
          "name": "Test Product",
          "price": "99.99",
          "stockQuantity": 100,
          "totalReviews": 0,
          "unit": "KG",
          "updatedAt": 2025-01-01T00:00:00.000Z,
    +     "variants": undefined,
          "weight": 1.5,
        },
      ]

    [0m [90m 533 |[39m         })
     [90m 534 |[39m       )[33m;[39m
    [31m[1m>[22m[39m[90m 535 |[39m       
expect(result)[33m.[39mtoEqual(mockProducts)[33m;[39m
     [90m     |[39m                      [31m[1m^[22m[39m
     [90m 536 |[39m     })[33m;[39m
     [90m 537 |[39m
     [90m 538 |[39m     it([32m'should limit to 10 
products'[39m[33m,[39m [36masync[39m () [33m=>[39m {[0m

      at Object.<anonymous> 
(__tests__/services/product.service.test.ts:535:22)

PASS __tests__/services/auth.service.test.ts (8.123 s)
  ΓùÅ Console

    console.log
      [2026-01-18 15:25:50] [31merror[39m: [31mFailed to queue 
email[39m {
        "type": "WELCOME",
        "to": "test@example.com",
        "error": {}
      }

      at Console.log 
(node_modules/winston/lib/winston/transports/console.js:87:23)

    console.log
      [2026-01-18 15:25:51] [31merror[39m: [31mFailed to send 
welcome email[39m {
        "user": "test@example.com",
        "error": {}
      }

      at Console.log 
(node_modules/winston/lib/winston/transports/console.js:87:23)

    console.log
      [2026-01-18 15:25:51] [31merror[39m: [31mFailed to queue 
email[39m {
        "type": "WELCOME",
        "to": "test@example.com",
        "error": {}
      }

      at Console.log 
(node_modules/winston/lib/winston/transports/console.js:87:23)

    console.log
      [2026-01-18 15:25:51] [31merror[39m: [31mFailed to send 
welcome email[39m {
        "user": "test@example.com",
        "error": {}
      }

      at Console.log 
(node_modules/winston/lib/winston/transports/console.js:87:23)

    console.log
      [2026-01-18 15:25:51] [31merror[39m: [31mFailed to queue 
email[39m {
        "type": "WELCOME",
        "to": "test@example.com",
        "error": {}
      }

      at Console.log 
(node_modules/winston/lib/winston/transports/console.js:87:23)

    console.log
      [2026-01-18 15:25:51] [31merror[39m: [31mFailed to send 
welcome email[39m {
        "user": "test@example.com",
        "error": {}
      }

      at Console.log 
(node_modules/winston/lib/winston/transports/console.js:87:23)

    console.log
      [2026-01-18 15:25:51] [31merror[39m: [31mFailed to queue 
email[39m {
        "type": "WELCOME",
        "to": "test@example.com",
        "error": {}
      }

      at Console.log 
(node_modules/winston/lib/winston/transports/console.js:87:23)

    console.log
      [2026-01-18 15:25:51] [31merror[39m: [31mFailed to send 
welcome email[39m {
        "user": "test@example.com",
        "error": {}
      }

      at Console.log 
(node_modules/winston/lib/winston/transports/console.js:87:23)

PASS __tests__/services/order.service.test.ts (8.188 s)
  ΓùÅ Console

    console.log
      [2026-01-18 15:25:51] [31merror[39m: [31mFailed to send 
order status update email[39m {
        "orderId": "order-1",
        "error": {}
      }

      at Console.log 
(node_modules/winston/lib/winston/transports/console.js:87:23)

    console.log
      [2026-01-18 15:25:51] [31merror[39m: [31mFailed to send 
order status update email[39m {
        "orderId": "order-1",
        "error": {}
      }

      at Console.log 
(node_modules/winston/lib/winston/transports/console.js:87:23)

    console.log
      [2026-01-18 15:25:51] [31merror[39m: [31mFailed to send 
order delivered email[39m {
        "orderId": "order-1",
        "error": {}
      }

      at Console.log 
(node_modules/winston/lib/winston/transports/console.js:87:23)

    console.log
      [2026-01-18 15:25:51] [31merror[39m: [31mFailed to send 
order status update email[39m {
        "orderId": "order-1",
        "error": {}
      }

      at Console.log 
(node_modules/winston/lib/winston/transports/console.js:87:23)

    console.log
      [2026-01-18 15:25:51] [31merror[39m: [31mFailed to send 
order status notification:[39m {
        "orderId": "order-1",
        "error": {}
      }

      at Console.log 
(node_modules/winston/lib/winston/transports/console.js:87:23)

    console.log
      [2026-01-18 15:25:51] [31merror[39m: [31mFailed to send 
order status update email[39m {
        "orderId": "order-1",
        "error": {}
      }

      at Console.log 
(node_modules/winston/lib/winston/transports/console.js:87:23)

    console.log
      [2026-01-18 15:25:51] [31merror[39m: [31mFailed to send 
order cancelled email[39m {
        "orderId": "order-1",
        "error": {}
      }

      at Console.log 
(node_modules/winston/lib/winston/transports/console.js:87:23)

    console.log
      [2026-01-18 15:25:51] [31merror[39m: [31mFailed to send 
order cancelled email[39m {
        "orderId": "order-1",
        "error": {}
      }

      at Console.log 
(node_modules/winston/lib/winston/transports/console.js:87:23)

    console.log
      [2026-01-18 15:25:51] [31merror[39m: [31mFailed to send 
order cancelled email[39m {
        "orderId": "order-1",
        "error": {}
      }

      at Console.log 
(node_modules/winston/lib/winston/transports/console.js:87:23)

A worker process has failed to exit gracefully and has been force 
exited. This is likely caused by tests leaking due to improper 
teardown. Try running with --detectOpenHandles to find leaks. Active 
timers can also cause this, ensure that .unref() was called on them.

Test Suites: 1 failed, 3 passed, 4 total
Tests:       2 failed, 104 passed, 106 total
Snapshots:   0 total
Time:        9.789 s
Ran all test suites matching /__tests__\\services/i.
